******************************************************************************
                  TI ARM Linker PC v20.2.0                     
******************************************************************************
>> Linked Fri Sep  6 10:43:59 2024

OUTPUT FILE NAME:   <programming_structs.out>
ENTRY POINT SYMBOL: "_c_int00_noinit_noargs"  address: 0000020d


MEMORY CONFIGURATION

         name            origin    length      used     unused   attr    fill
----------------------  --------  ---------  --------  --------  ----  --------
  MAIN                  00000000   00040000  0000025e  0003fda2  R  X
  INFO                  00200000   00004000  00000000  00004000  R  X
  SRAM_CODE             01000000   00010000  00000200  0000fe00  RW X
  SRAM_DATA             20000000   00010000  00000200  0000fe00  RW  


SEGMENT ALLOCATION MAP

run origin  load origin   length   init length attrs members
----------  ----------- ---------- ----------- ----- -------
00000000    00000000    00000260   00000260    r-x
  00000000    00000000    000000e4   000000e4    r-- .intvecs
  000000e4    000000e4    0000016a   0000016a    r-x .text
  00000250    00000250    00000010   00000010    r-- .const
2000fe00    2000fe00    00000200   00000000    rw-
  2000fe00    2000fe00    00000200   00000000    rw- .stack


SECTION ALLOCATION MAP

 output                                  attributes/
section   page    origin      length       input sections
--------  ----  ----------  ----------   ----------------
.intvecs   0    00000000    000000e4     
                  00000000    000000e4     startup_msp432p401r_ccs.obj (.intvecs:retain)

.text      0    000000e4    0000016a     
                  000000e4    00000078     system_msp432p401r.obj (.text:SystemInit)
                  0000015c    00000048     struct_example_main.obj (.text:main)
                  000001a4    00000036     struct_example_main.obj (.text:increaseBunch)
                  000001da    00000032     struct_example_main.obj (.text:increaseBunch_p)
                  0000020c    0000002c     rtsv7M4_T_le_v4SPD16_eabi.lib : boot_cortex_m.c.obj (.text:_c_int00_noinit_noargs:_c_int00_noinit_noargs)
                  00000238    0000000c     startup_msp432p401r_ccs.obj (.text:Reset_Handler)
                  00000244    00000004     rtsv7M4_T_le_v4SPD16_eabi.lib : pre_init.c.obj (.text:_system_pre_init)
                  00000248    00000004                                   : exit.c.obj (.text:abort:abort)
                  0000024c    00000002     startup_msp432p401r_ccs.obj (.text:Default_Handler)

.const     0    00000250    00000010     
                  00000250    00000010     struct_example_main.obj (.const:$P$T0$1)

.cinit     0    00000000    00000000     UNINITIALIZED

.init_array 
*          0    00000000    00000000     UNINITIALIZED

.binit     0    00000000    00000000     

.stack     0    2000fe00    00000200     UNINITIALIZED
                  2000fe00    00000004     rtsv7M4_T_le_v4SPD16_eabi.lib : boot_cortex_m.c.obj (.stack)
                  2000fe04    000001fc     --HOLE--

__llvm_prf_cnts 
*          0    20000000    00000000     UNINITIALIZED

MODULE SUMMARY

       Module                        code   ro data   rw data
       ------                        ----   -------   -------
    .\
       struct_example_main.obj       176    16        0      
       system_msp432p401r.obj        120    0         0      
    +--+-----------------------------+------+---------+---------+
       Total:                        296    16        0      
                                                             
    .\ccs\
       startup_msp432p401r_ccs.obj   14     228       0      
    +--+-----------------------------+------+---------+---------+
       Total:                        14     228       0      
                                                             
    C:\Users\yusef\ccs\tools\compiler\ti-cgt-arm_20.2.0.LTS\lib\rtsv7M4_T_le_v4SPD16_eabi.lib
       boot_cortex_m.c.obj           44     0         0      
       exit.c.obj                    4      0         0      
       pre_init.c.obj                4      0         0      
    +--+-----------------------------+------+---------+---------+
       Total:                        52     0         0      
                                                             
       Stack:                        0      0         1024   
    +--+-----------------------------+------+---------+---------+
       Grand Total:                  362    244       1024   


GLOBAL SYMBOLS: SORTED ALPHABETICALLY BY Name 

address   name                   
-------   ----                   
0000024d  ADC14_IRQHandler       
0000024d  AES256_IRQHandler      
0000024d  BusFault_Handler       
00000249  C$$EXIT                
0000024d  COMP_E0_IRQHandler     
0000024d  COMP_E1_IRQHandler     
0000024d  CS_IRQHandler          
0000024d  DMA_ERR_IRQHandler     
0000024d  DMA_INT0_IRQHandler    
0000024d  DMA_INT1_IRQHandler    
0000024d  DMA_INT2_IRQHandler    
0000024d  DMA_INT3_IRQHandler    
0000024d  DebugMon_Handler       
0000024d  Default_Handler        
0000024d  EUSCIA0_IRQHandler     
0000024d  EUSCIA1_IRQHandler     
0000024d  EUSCIA2_IRQHandler     
0000024d  EUSCIA3_IRQHandler     
0000024d  EUSCIB0_IRQHandler     
0000024d  EUSCIB1_IRQHandler     
0000024d  EUSCIB2_IRQHandler     
0000024d  EUSCIB3_IRQHandler     
0000024d  FLCTL_IRQHandler       
0000024d  FPU_IRQHandler         
0000024d  HardFault_Handler      
0000024d  MemManage_Handler      
0000024d  NMI_Handler            
0000024d  PCM_IRQHandler         
0000024d  PORT1_IRQHandler       
0000024d  PORT2_IRQHandler       
0000024d  PORT3_IRQHandler       
0000024d  PORT4_IRQHandler       
0000024d  PORT5_IRQHandler       
0000024d  PORT6_IRQHandler       
0000024d  PSS_IRQHandler         
0000024d  PendSV_Handler         
0000024d  RTC_C_IRQHandler       
00000239  Reset_Handler          
0000024d  SVC_Handler            
0000024d  SysTick_Handler        
000000e5  SystemInit             
0000024d  T32_INT1_IRQHandler    
0000024d  T32_INT2_IRQHandler    
0000024d  T32_INTC_IRQHandler    
0000024d  TA0_0_IRQHandler       
0000024d  TA0_N_IRQHandler       
0000024d  TA1_0_IRQHandler       
0000024d  TA1_N_IRQHandler       
0000024d  TA2_0_IRQHandler       
0000024d  TA2_N_IRQHandler       
0000024d  TA3_0_IRQHandler       
0000024d  TA3_N_IRQHandler       
0000024d  UsageFault_Handler     
4000480c  WDTCTL_SYM             
0000024d  WDT_A_IRQHandler       
20010000  __STACK_END            
00000200  __STACK_SIZE           
ffffffff  __TI_pprof_out_hndl    
ffffffff  __TI_prof_data_size    
ffffffff  __TI_prof_data_start   
00000000  __TI_static_base__     
ffffffff  __binit__              
ffffffff  __c_args__             
UNDEFED   __mpu_init             
2000fe00  __stack                
20000000  __start___llvm_prf_cnts
20000000  __stop___llvm_prf_cnts 
0000020d  _c_int00_noinit_noargs 
00000245  _system_pre_init       
00000249  abort                  
ffffffff  binit                  
000001a5  increaseBunch          
000001db  increaseBunch_p        
00000000  interruptVectors       
0000015d  main                   


GLOBAL SYMBOLS: SORTED BY Symbol Address 

address   name                   
-------   ----                   
00000000  __TI_static_base__     
00000000  interruptVectors       
000000e5  SystemInit             
0000015d  main                   
000001a5  increaseBunch          
000001db  increaseBunch_p        
00000200  __STACK_SIZE           
0000020d  _c_int00_noinit_noargs 
00000239  Reset_Handler          
00000245  _system_pre_init       
00000249  C$$EXIT                
00000249  abort                  
0000024d  ADC14_IRQHandler       
0000024d  AES256_IRQHandler      
0000024d  BusFault_Handler       
0000024d  COMP_E0_IRQHandler     
0000024d  COMP_E1_IRQHandler     
0000024d  CS_IRQHandler          
0000024d  DMA_ERR_IRQHandler     
0000024d  DMA_INT0_IRQHandler    
0000024d  DMA_INT1_IRQHandler    
0000024d  DMA_INT2_IRQHandler    
0000024d  DMA_INT3_IRQHandler    
0000024d  DebugMon_Handler       
0000024d  Default_Handler        
0000024d  EUSCIA0_IRQHandler     
0000024d  EUSCIA1_IRQHandler     
0000024d  EUSCIA2_IRQHandler     
0000024d  EUSCIA3_IRQHandler     
0000024d  EUSCIB0_IRQHandler     
0000024d  EUSCIB1_IRQHandler     
0000024d  EUSCIB2_IRQHandler     
0000024d  EUSCIB3_IRQHandler     
0000024d  FLCTL_IRQHandler       
0000024d  FPU_IRQHandler         
0000024d  HardFault_Handler      
0000024d  MemManage_Handler      
0000024d  NMI_Handler            
0000024d  PCM_IRQHandler         
0000024d  PORT1_IRQHandler       
0000024d  PORT2_IRQHandler       
0000024d  PORT3_IRQHandler       
0000024d  PORT4_IRQHandler       
0000024d  PORT5_IRQHandler       
0000024d  PORT6_IRQHandler       
0000024d  PSS_IRQHandler         
0000024d  PendSV_Handler         
0000024d  RTC_C_IRQHandler       
0000024d  SVC_Handler            
0000024d  SysTick_Handler        
0000024d  T32_INT1_IRQHandler    
0000024d  T32_INT2_IRQHandler    
0000024d  T32_INTC_IRQHandler    
0000024d  TA0_0_IRQHandler       
0000024d  TA0_N_IRQHandler       
0000024d  TA1_0_IRQHandler       
0000024d  TA1_N_IRQHandler       
0000024d  TA2_0_IRQHandler       
0000024d  TA2_N_IRQHandler       
0000024d  TA3_0_IRQHandler       
0000024d  TA3_N_IRQHandler       
0000024d  UsageFault_Handler     
0000024d  WDT_A_IRQHandler       
20000000  __start___llvm_prf_cnts
20000000  __stop___llvm_prf_cnts 
2000fe00  __stack                
20010000  __STACK_END            
4000480c  WDTCTL_SYM             
ffffffff  __TI_pprof_out_hndl    
ffffffff  __TI_prof_data_size    
ffffffff  __TI_prof_data_start   
ffffffff  __binit__              
ffffffff  __c_args__             
ffffffff  binit                  
UNDEFED   __mpu_init             

[75 symbols]
